[    0.000000] Initializing cgroup subsys cpuset
[    0.000000] Initializing cgroup subsys cpu
[    0.000000] Initializing cgroup subsys cpuacct
[    0.000000] Linux version 4.4.0-176-generic (buildd@lgw01-amd64-035) (gcc version 5.4.0 20160609 (Ubuntu 5.4.0-6ubuntu1~16.04.12) ) #206-Ubuntu SMP Fri Feb 28 05:02:04 UTC 2020 (Ubuntu 4.4.0-176.206-generic 4.4.211)
[    0.000000] Command line: BOOT_IMAGE=/boot/vmlinuz-4.4.0-176-generic root=LABEL=cloudimg-rootfs ro console=tty1 console=ttyS0
[    0.000000] KERNEL supported cpus:
[    0.000000]   Intel GenuineIntel
[    0.000000]   AMD AuthenticAMD
[    0.000000]   Centaur CentaurHauls
[    0.000000] x86/fpu: xstate_offset[2]:  576, xstate_sizes[2]:  256
[    0.000000] x86/fpu: Supporting XSAVE feature 0x01: 'x87 floating point registers'
[    0.000000] x86/fpu: Supporting XSAVE feature 0x02: 'SSE registers'
[    0.000000] x86/fpu: Supporting XSAVE feature 0x04: 'AVX registers'
[    0.000000] x86/fpu: Enabled xstate features 0x7, context size is 832 bytes, using 'standard' format.
[    0.000000] e820: BIOS-provided physical RAM map:
[    0.000000] BIOS-e820: [mem 0x0000000000000000-0x000000000009fbff] usable
[    0.000000] BIOS-e820: [mem 0x000000000009fc00-0x000000000009ffff] reserved
[    0.000000] BIOS-e820: [mem 0x00000000000f0000-0x00000000000fffff] reserved
[    0.000000] BIOS-e820: [mem 0x0000000000100000-0x000000003ffeffff] usable
[    0.000000] BIOS-e820: [mem 0x000000003fff0000-0x000000003fffffff] ACPI data
[    0.000000] BIOS-e820: [mem 0x00000000fec00000-0x00000000fec00fff] reserved
[    0.000000] BIOS-e820: [mem 0x00000000fee00000-0x00000000fee00fff] reserved
[    0.000000] BIOS-e820: [mem 0x00000000fffc0000-0x00000000ffffffff] reserved
[    0.000000] NX (Execute Disable) protection: active
[    0.000000] SMBIOS 2.5 present.
[    0.000000] Hypervisor detected: KVM
[    0.000000] e820: last_pfn = 0x3fff0 max_arch_pfn = 0x400000000
[    0.000000] MTRR: Disabled
[    0.000000] x86/PAT: MTRRs disabled, skipping PAT initialization too.
[    0.000000] CPU MTRRs all blank - virtualized system.
[    0.000000] x86/PAT: Configuration [0-7]: WB  WT  UC- UC  WB  WT  UC- UC  
[    0.000000] found SMP MP-table at [mem 0x0009fff0-0x0009ffff] mapped at [ffff88000009fff0]
[    0.000000] Scanning 1 areas for low memory corruption
[    0.000000] RAMDISK: [mem 0x362e0000-0x37167fff]
[    0.000000] ACPI: Early table checksum verification disabled
[    0.000000] ACPI: RSDP 0x00000000000E0000 000024 (v02 VBOX  )
[    0.000000] ACPI: XSDT 0x000000003FFF0030 00003C (v01 VBOX   VBOXXSDT 00000001 ASL  00000061)
[    0.000000] ACPI: FACP 0x000000003FFF00F0 0000F4 (v04 VBOX   VBOXFACP 00000001 ASL  00000061)
[    0.000000] ACPI: DSDT 0x000000003FFF0470 002325 (v02 VBOX   VBOXBIOS 00000002 INTL 20100528)
[    0.000000] ACPI: FACS 0x000000003FFF0200 000040
[    0.000000] ACPI: FACS 0x000000003FFF0200 000040
[    0.000000] ACPI: APIC 0x000000003FFF0240 00005C (v02 VBOX   VBOXAPIC 00000001 ASL  00000061)
[    0.000000] ACPI: SSDT 0x000000003FFF02A0 0001CC (v01 VBOX   VBOXCPUT 00000002 INTL 20100528)
[    0.000000] No NUMA configuration found
[    0.000000] Faking a node at [mem 0x0000000000000000-0x000000003ffeffff]
[    0.000000] NODE_DATA(0) allocated [mem 0x3ffeb000-0x3ffeffff]
[    0.000000] kvm-clock: Using msrs 4b564d01 and 4b564d00
[    0.000000] kvm-clock: cpu 0, msr 0:3ffe3001, primary cpu clock
[    0.000000] kvm-clock: using sched offset of 4464047418 cycles
[    0.000000] clocksource: kvm-clock: mask: 0xffffffffffffffff max_cycles: 0x1cd42e4dffb, max_idle_ns: 881590591483 ns
[    0.000000] Zone ranges:
[    0.000000]   DMA      [mem 0x0000000000001000-0x0000000000ffffff]
[    0.000000]   DMA32    [mem 0x0000000001000000-0x000000003ffeffff]
[    0.000000]   Normal   empty
[    0.000000]   Device   empty
[    0.000000] Movable zone start for each node
[    0.000000] Early memory node ranges
[    0.000000]   node   0: [mem 0x0000000000001000-0x000000000009efff]
[    0.000000]   node   0: [mem 0x0000000000100000-0x000000003ffeffff]
[    0.000000] Initmem setup node 0 [mem 0x0000000000001000-0x000000003ffeffff]
[    0.000000] ACPI: PM-Timer IO Port: 0x4008
[    0.000000] IOAPIC[0]: apic_id 2, version 32, address 0xfec00000, GSI 0-23
[    0.000000] ACPI: INT_SRC_OVR (bus 0 bus_irq 0 global_irq 2 dfl dfl)
[    0.000000] ACPI: INT_SRC_OVR (bus 0 bus_irq 9 global_irq 9 low level)
[    0.000000] Using ACPI (MADT) for SMP configuration information
[    0.000000] smpboot: Allowing 2 CPUs, 0 hotplug CPUs
[    0.000000] PM: Registered nosave memory: [mem 0x00000000-0x00000fff]
[    0.000000] PM: Registered nosave memory: [mem 0x0009f000-0x0009ffff]
[    0.000000] PM: Registered nosave memory: [mem 0x000a0000-0x000effff]
[    0.000000] PM: Registered nosave memory: [mem 0x000f0000-0x000fffff]
[    0.000000] e820: [mem 0x40000000-0xfebfffff] available for PCI devices
[    0.000000] Booting paravirtualized kernel on KVM
[    0.000000] clocksource: refined-jiffies: mask: 0xffffffff max_cycles: 0xffffffff, max_idle_ns: 7645519600211568 ns
[    0.000000] setup_percpu: NR_CPUS:512 nr_cpumask_bits:512 nr_cpu_ids:2 nr_node_ids:1
[    0.000000] PERCPU: Embedded 33 pages/cpu @ffff88003fc00000 s95448 r8192 d31528 u1048576
[    0.000000] Built 1 zonelists in Node order, mobility grouping on.  Total pages: 257912
[    0.000000] Policy zone: DMA32
[    0.000000] Kernel command line: BOOT_IMAGE=/boot/vmlinuz-4.4.0-176-generic root=LABEL=cloudimg-rootfs ro console=tty1 console=ttyS0
[    0.000000] PID hash table entries: 4096 (order: 3, 32768 bytes)
[    0.000000] Memory: 997672K/1048120K available (8626K kernel code, 1336K rwdata, 4032K rodata, 1488K init, 1292K bss, 50448K reserved, 0K cma-reserved)
[    0.000000] SLUB: HWalign=64, Order=0-3, MinObjects=0, CPUs=2, Nodes=1
[    0.000000] Kernel/User page tables isolation: enabled
[    0.000000] Hierarchical RCU implementation.
[    0.000000] 	Build-time adjustment of leaf fanout to 64.
[    0.000000] 	RCU restricting CPUs from NR_CPUS=512 to nr_cpu_ids=2.
[    0.000000] RCU: Adjusting geometry for rcu_fanout_leaf=64, nr_cpu_ids=2
[    0.000000] NR_IRQS:33024 nr_irqs:440 16
[    0.000000] Console: colour VGA+ 80x25
[    0.000000] console [tty1] enabled
[    0.000000] console [ttyS0] enabled
[    0.000000] tsc: Detected 2904.000 MHz processor
[    0.143904] Calibrating delay loop (skipped) preset value.. 5808.00 BogoMIPS (lpj=11616000)
[    0.145621] pid_max: default: 32768 minimum: 301
[    0.146549] ACPI: Core revision 20150930
[    0.148167] ACPI: 2 ACPI AML tables successfully acquired and loaded
[    0.149473] Security Framework initialized
[    0.150312] Yama: becoming mindful.
[    0.151067] AppArmor: AppArmor initialized
[    0.151995] Dentry cache hash table entries: 131072 (order: 8, 1048576 bytes)
[    0.154689] Inode-cache hash table entries: 65536 (order: 7, 524288 bytes)
[    0.156058] Mount-cache hash table entries: 2048 (order: 2, 16384 bytes)
[    0.157312] Mountpoint-cache hash table entries: 2048 (order: 2, 16384 bytes)
[    0.158750] Initializing cgroup subsys io
[    0.159619] Initializing cgroup subsys memory
[    0.160509] Initializing cgroup subsys devices
[    0.161451] Initializing cgroup subsys freezer
[    0.162832] Initializing cgroup subsys net_cls
[    0.163755] Initializing cgroup subsys perf_event
[    0.164712] Initializing cgroup subsys net_prio
[    0.165684] Initializing cgroup subsys hugetlb
[    0.166727] Initializing cgroup subsys pids
[    0.168861] mce: CPU supports 0 MCE banks
[    0.170067] Last level iTLB entries: 4KB 64, 2MB 8, 4MB 8
[    0.171115] Last level dTLB entries: 4KB 64, 2MB 0, 4MB 0, 1GB 4
[    0.172490] Spectre V1 : Mitigation: usercopy/swapgs barriers and __user pointer sanitization
[    0.174601] Spectre V2 : Mitigation: Full generic retpoline
[    0.176043] Spectre V2 : Spectre v2 / SpectreRSB mitigation: Filling RSB on context switch
[    0.177725] Speculative Store Bypass: Vulnerable
[    0.178686] MDS: Mitigation: Clear CPU buffers
[    0.181991] Freeing SMP alternatives memory: 36K
[    0.188470] ftrace: allocating 32305 entries in 127 pages
[    0.243080] smpboot: APIC(0) Converting physical 0 to logical package 0
[    0.245192] smpboot: Max logical packages: 1
[    0.246281] x2apic enabled
[    0.247170] Switched APIC routing to physical x2apic.
[    0.249056] ..TIMER: vector=0x30 apic1=0 pin1=2 apic2=-1 pin2=-1
[    0.358323] smpboot: CPU0: Intel(R) Core(TM) i7-7820HQ CPU @ 2.90GHz (family: 0x6, model: 0x9e, stepping: 0x9)
[    0.361220] Performance Events: unsupported p6 CPU model 158 no PMU driver, software events only.
[    0.373597] KVM setup paravirtual spinlock
[    0.375676] x86: Booting SMP configuration:
[    0.377319] .... node  #0, CPUs:      #1
[    0.378986] kvm-clock: cpu 1, msr 0:3ffe3041, secondary cpu clock
[    0.381629] mce: CPU supports 0 MCE banks
[    0.384657] x86: Booted up 1 node, 2 CPUs
[    0.385854] smpboot: Total of 2 processors activated (11616.00 BogoMIPS)
[    0.387668] devtmpfs: initialized
[    0.389904] evm: security.selinux
[    0.390663] evm: security.SMACK64
[    0.391386] evm: security.SMACK64EXEC
[    0.392168] evm: security.SMACK64TRANSMUTE
[    0.393011] evm: security.SMACK64MMAP
[    0.393992] evm: security.ima
[    0.394675] evm: security.capability
[    0.395619] clocksource: jiffies: mask: 0xffffffff max_cycles: 0xffffffff, max_idle_ns: 7645041785100000 ns
[    0.397594] futex hash table entries: 512 (order: 3, 32768 bytes)
[    0.398919] pinctrl core: initialized pinctrl subsystem
[    0.400034] RTC time: 22:53:52, date: 03/20/20
[    0.401118] NET: Registered protocol family 16
[    0.415184] cpuidle: using governor ladder
[    0.427692] cpuidle: using governor menu
[    0.429153] PCCT header not found.
[    0.430146] ACPI: bus type PCI registered
[    0.431408] acpiphp: ACPI Hot Plug PCI Controller Driver version: 0.5
[    0.433313] PCI: Using configuration type 1 for base access
[    0.449761] ACPI: Added _OSI(Module Device)
[    0.451878] ACPI: Added _OSI(Processor Device)
[    0.453696] ACPI: Added _OSI(3.0 _SCP Extensions)
[    0.455383] ACPI: Added _OSI(Processor Aggregator Device)
[    0.457549] ACPI: Executed 1 blocks of module-level executable AML code
[    0.461664] ACPI: Interpreter enabled
[    0.462545] ACPI: (supports S0 S5)
[    0.463425] ACPI: Using IOAPIC for interrupt routing
[    0.464588] PCI: Using host bridge windows from ACPI; if necessary, use "pci=nocrs" and report a bug
[    0.470314] ACPI: PCI Root Bridge [PCI0] (domain 0000 [bus 00-ff])
[    0.471574] acpi PNP0A03:00: _OSC: OS supports [ASPM ClockPM Segments MSI]
[    0.473127] acpi PNP0A03:00: _OSC: not requesting OS control; OS requires [ExtendedConfig ASPM ClockPM MSI]
[    0.475045] acpi PNP0A03:00: fail to add MMCONFIG information, can't access extended PCI configuration space under this bridge.
[    0.477663] PCI host bridge to bus 0000:00
[    0.478534] pci_bus 0000:00: root bus resource [io  0x0000-0x0cf7 window]
[    0.479802] pci_bus 0000:00: root bus resource [io  0x0d00-0xffff window]
[    0.481095] pci_bus 0000:00: root bus resource [mem 0x000a0000-0x000bffff window]
[    0.482683] pci_bus 0000:00: root bus resource [mem 0x40000000-0xfdffffff window]
[    0.484219] pci_bus 0000:00: root bus resource [bus 00-ff]
[    0.487396] pci 0000:00:01.1: legacy IDE quirk: reg 0x10: [io  0x01f0-0x01f7]
[    0.488963] pci 0000:00:01.1: legacy IDE quirk: reg 0x14: [io  0x03f6]
[    0.490187] pci 0000:00:01.1: legacy IDE quirk: reg 0x18: [io  0x0170-0x0177]
[    0.491541] pci 0000:00:01.1: legacy IDE quirk: reg 0x1c: [io  0x0376]
[    0.514593] pci 0000:00:07.0: quirk: [io  0x4000-0x403f] claimed by PIIX4 ACPI
[    0.516495] pci 0000:00:07.0: quirk: [io  0x4100-0x410f] claimed by PIIX4 SMB
[    0.523095] ACPI: PCI Interrupt Link [LNKA] (IRQs 5 9 10 *11)
[    0.524714] ACPI: PCI Interrupt Link [LNKB] (IRQs 5 9 *10 11)
[    0.526225] ACPI: PCI Interrupt Link [LNKC] (IRQs 5 *9 10 11)
[    0.527742] ACPI: PCI Interrupt Link [LNKD] (IRQs 5 9 10 *11)
[    0.529410] ACPI: Enabled 2 GPEs in block 00 to 07
[    0.530733] vgaarb: setting as boot device: PCI:0000:00:02.0
[    0.531834] vgaarb: device added: PCI:0000:00:02.0,decodes=io+mem,owns=io+mem,locks=none
[    0.533537] vgaarb: loaded
[    0.534585] vgaarb: bridge control possible 0000:00:02.0
[    0.536030] SCSI subsystem initialized
[    0.536998] ACPI: bus type USB registered
[    0.538320] usbcore: registered new interface driver usbfs
[    0.539707] usbcore: registered new interface driver hub
[    0.541085] usbcore: registered new device driver usb
[    0.542278] PCI: Using ACPI for IRQ routing
[    0.544812] NetLabel: Initializing
[    0.545739] NetLabel:  domain hash size = 128
[    0.546765] NetLabel:  protocols = UNLABELED CIPSOv4
[    0.547939] NetLabel:  unlabeled traffic allowed by default
[    0.549319] amd_nb: Cannot enumerate AMD northbridges
[    0.550565] clocksource: Switched to clocksource kvm-clock
[    0.558278] AppArmor: AppArmor Filesystem Enabled
[    0.559813] pnp: PnP ACPI init
[    0.561967] pnp: PnP ACPI: found 3 devices
[    0.571987] clocksource: acpi_pm: mask: 0xffffff max_cycles: 0xffffff, max_idle_ns: 2085701024 ns
[    0.574782] NET: Registered protocol family 2
[    0.577748] TCP established hash table entries: 8192 (order: 4, 65536 bytes)
[    0.579413] TCP bind hash table entries: 8192 (order: 5, 131072 bytes)
[    0.580654] TCP: Hash tables configured (established 8192 bind 8192)
[    0.581905] UDP hash table entries: 512 (order: 2, 16384 bytes)
[    0.583067] UDP-Lite hash table entries: 512 (order: 2, 16384 bytes)
[    0.584311] NET: Registered protocol family 1
[    0.585219] pci 0000:00:00.0: Limiting direct PCI/PCI transfers
[    0.586384] pci 0000:00:01.0: Activating ISA DMA hang workarounds
[    0.587715] Unpacking initramfs...
[    0.803431] Freeing initrd memory: 14880K
[    0.804838] clocksource: tsc: mask: 0xffffffffffffffff max_cycles: 0x29dc05e54fc, max_idle_ns: 440795291716 ns
[    0.806947] platform rtc_cmos: registered platform RTC device (no PNP device found)
[    0.808534] Scanning for low memory corruption every 60 seconds
[    0.810073] audit: initializing netlink subsys (disabled)
[    0.811233] audit: type=2000 audit(1584744839.175:1): initialized
[    0.812616] Initialise system trusted keyring
[    0.814143] HugeTLB registered 2 MB page size, pre-allocated 0 pages
[    0.817665] zbud: loaded
[    0.818712] VFS: Disk quotas dquot_6.6.0
[    0.819758] VFS: Dquot-cache hash table entries: 512 (order 0, 4096 bytes)
[    0.824470] squashfs: version 4.0 (2009/01/31) Phillip Lougher
[    0.826224] fuse init (API version 7.23)
[    0.827817] Key type big_key registered
[    0.828625] Allocating IMA MOK and blacklist keyrings.
[    0.830707] Key type asymmetric registered
[    0.831585] Asymmetric key parser 'x509' registered
[    0.833000] Block layer SCSI generic (bsg) driver version 0.4 loaded (major 249)
[    0.834637] io scheduler noop registered
[    0.835468] io scheduler deadline registered (default)
[    0.836506] io scheduler cfq registered
[    0.837399] pci_hotplug: PCI Hot Plug PCI Core version: 0.5
[    0.838488] pciehp: PCI Express Hot Plug Controller Driver version: 0.4
[    0.840066] ACPI: AC Adapter [AC] (on-line)
[    0.841327] input: Power Button as /devices/LNXSYSTM:00/LNXPWRBN:00/input/input0
[    0.843227] ACPI: Power Button [PWRF]
[    0.844066] input: Sleep Button as /devices/LNXSYSTM:00/LNXSLPBN:00/input/input1
[    0.845949] ACPI: Sleep Button [SLPF]
[    0.847032] GHES: HEST is not enabled!
[    0.847953] ACPI: Battery Slot [BAT0] (battery present)
[    0.849096] Serial: 8250/16550 driver, 32 ports, IRQ sharing enabled
[    0.871032] 00:02: ttyS0 at I/O 0x3f8 (irq = 4, base_baud = 115200) is a 16550A
[    0.876147] Linux agpgart interface v0.103
[    0.878773] loop: module loaded
[    0.880214] scsi host0: ata_piix
[    0.881191] scsi host1: ata_piix
[    0.882609] ata1: PATA max UDMA/33 cmd 0x1f0 ctl 0x3f6 bmdma 0xd000 irq 14
[    0.884192] ata2: PATA max UDMA/33 cmd 0x170 ctl 0x376 bmdma 0xd008 irq 15
[    0.885574] libphy: Fixed MDIO Bus: probed
[    0.886470] tun: Universal TUN/TAP device driver, 1.6
[    0.887653] tun: (C) 1999-2004 Max Krasnyansky <maxk@qualcomm.com>
[    0.888906] PPP generic driver version 2.4.2
[    0.889861] ehci_hcd: USB 2.0 'Enhanced' Host Controller (EHCI) Driver
[    0.891136] ehci-pci: EHCI PCI platform driver
[    0.892057] ehci-platform: EHCI generic platform driver
[    0.893090] ohci_hcd: USB 1.1 'Open' Host Controller (OHCI) Driver
[    0.894265] ohci-pci: OHCI PCI platform driver
[    0.895235] ohci-platform: OHCI generic platform driver
[    0.896272] uhci_hcd: USB Universal Host Controller Interface driver
[    0.897529] i8042: PNP: PS/2 Controller [PNP0303:PS2K,PNP0f03:PS2M] at 0x60,0x64 irq 1,12
[    0.899619] serio: i8042 KBD port at 0x60,0x64 irq 1
[    0.900620] serio: i8042 AUX port at 0x60,0x64 irq 12
[    0.901822] mousedev: PS/2 mouse device common for all mice
[    0.903225] input: AT Translated Set 2 keyboard as /devices/platform/i8042/serio0/input/input2
[    0.905669] rtc_cmos rtc_cmos: rtc core: registered rtc_cmos as rtc0
[    0.907212] rtc_cmos rtc_cmos: alarms up to one day, 114 bytes nvram
[    0.908414] i2c /dev entries driver
[    0.909207] device-mapper: uevent: version 1.0.3
[    0.910224] device-mapper: ioctl: 4.34.0-ioctl (2015-10-28) initialised: dm-devel@redhat.com
[    0.911920] ledtrig-cpu: registered to indicate activity on CPUs
[    0.913898] NET: Registered protocol family 10
[    0.915758] NET: Registered protocol family 17
[    0.917168] Key type dns_resolver registered
[    0.918851] registered taskstats version 1
[    0.919699] Loading compiled-in X.509 certificates
[    0.921248] Loaded X.509 cert 'Build time autogenerated kernel key: c2b7431ed9258328a3a0cf301f850647788d8e61'
[    0.923918] zswap: loaded using pool lzo/zbud
[    0.926412] Key type trusted registered
[    0.929773] Key type encrypted registered
[    0.930625] AppArmor: AppArmor sha1 policy hashing enabled
[    0.931758] ima: No TPM chip found, activating TPM-bypass!
[    0.932791] ima: Allocated hash algorithm: sha1
[    0.933965] evm: HMAC attrs: 0x1
[    0.935148]   Magic number: 12:159:907
[    0.936053] rtc_cmos rtc_cmos: setting system clock to 2020-03-20 22:53:53 UTC (1584744833)
[    0.937950] BIOS EDD facility v0.16 2004-Jun-25, 0 devices found
[    0.939355] EDD information not available.
[    1.064245] Freeing unused kernel memory: 1488K
[    1.065959] Write protecting the kernel read-only data: 14336k
[    1.068517] Freeing unused kernel memory: 1604K
[    1.069743] Freeing unused kernel memory: 64K
Loading, please wait...
starting version 229
[    1.082464] random: systemd-udevd: uninitialized urandom read (16 bytes read, 3 bits of entropy available)
[    1.083024] random: udevadm: uninitialized urandom read (16 bytes read, 3 bits of entropy available)
[    1.083041] random: udevadm: uninitialized urandom read (16 bytes read, 3 bits of entropy available)
[    1.088571] random: systemd-udevd: uninitialized urandom read (16 bytes read, 3 bits of entropy available)
[    1.089019] random: udevadm: uninitialized urandom read (16 bytes read, 3 bits of entropy available)
[    1.089053] random: udevadm: uninitialized urandom read (16 bytes read, 3 bits of entropy available)
[    1.089158] random: udevadm: uninitialized urandom read (16 bytes read, 3 bits of entropy available)
[    1.089195] random: udevadm: uninitialized urandom read (16 bytes read, 3 bits of entropy available)
[    1.089232] random: udevadm: uninitialized urandom read (16 bytes read, 3 bits of entropy available)
[    1.089271] random: udevadm: uninitialized urandom read (16 bytes read, 3 bits of entropy available)
[    1.128966] e1000: Intel(R) PRO/1000 Network Driver - version 7.3.21-k8-NAPI
[    1.131315] e1000: Copyright (c) 1999-2006 Intel Corporation.
[    1.134482] Fusion MPT base driver 3.04.20
[    1.135618] Copyright (c) 1999-2008 LSI Corporation
[    1.142505] Fusion MPT SPI Host driver 3.04.20
[    1.152240] AVX2 version of gcm_enc/dec engaged.
[    1.153776] AES CTR mode by8 optimization enabled
[    1.342978] input: ImExPS/2 Generic Explorer Mouse as /devices/platform/i8042/serio1/input/input4
[    1.507645] e1000 0000:00:03.0 eth0: (PCI:33MHz:32-bit) 02:90:e9:96:cf:60
[    1.509454] e1000 0000:00:03.0 eth0: Intel(R) PRO/1000 Network Connection
[    1.511602] mptbase: ioc0: Initiating bringup
[    1.513449] e1000 0000:00:03.0 enp0s3: renamed from eth0
[    1.574914] ioc0: LSI53C1030 A0: Capabilities={Initiator}
[    1.737283] scsi host2: ioc0: LSI53C1030 A0, FwRev=00000000h, Ports=1, MaxQ=256, IRQ=20
[    1.855731] scsi 2:0:0:0: Direct-Access     VBOX     HARDDISK         1.0  PQ: 0 ANSI: 5
[    1.858684] scsi target2:0:0: Beginning Domain Validation
[    1.861323] scsi target2:0:0: Domain Validation skipping write tests
[    1.862822] scsi target2:0:0: Ending Domain Validation
[    1.864204] scsi target2:0:0: asynchronous
[    1.865795] scsi 2:0:1:0: Direct-Access     VBOX     HARDDISK         1.0  PQ: 0 ANSI: 5
[    1.868014] scsi target2:0:1: Beginning Domain Validation
[    1.869778] scsi target2:0:1: Domain Validation skipping write tests
[    1.871013] scsi target2:0:1: Ending Domain Validation
[    1.872058] scsi target2:0:1: asynchronous
[    1.885880] sd 2:0:0:0: [sda] 20971520 512-byte logical blocks: (10.7 GB/10.0 GiB)
[    1.886058] sd 2:0:0:0: Attached scsi generic sg0 type 0
[    1.888994] sd 2:0:1:0: [sdb] 20480 512-byte logical blocks: (10.5 MB/10.0 MiB)
[    1.889075] sd 2:0:1:0: Attached scsi generic sg1 type 0
[    1.890839] sd 2:0:0:0: [sda] Write Protect is off
[    1.891010] sd 2:0:0:0: [sda] Incomplete mode parameter data
[    1.891011] sd 2:0:0:0: [sda] Assuming drive cache: write through
[    1.892198]  sda: sda1
[    1.893167] sd 2:0:0:0: [sda] Attached SCSI disk
[    1.897753] sd 2:0:1:0: [sdb] Write Protect is off
[    1.898892] sd 2:0:1:0: [sdb] Incomplete mode parameter data
[    1.899999] sd 2:0:1:0: [sdb] Assuming drive cache: write through
[    1.902937] sd 2:0:1:0: [sdb] Attached SCSI disk
Begin: Loading essential drivers ... [    3.186224] md: linear personality registered for level -1
[    3.189914] md: multipath personality registered for level -4
[    3.193346] md: raid0 personality registered for level 0
[    3.198171] md: raid1 personality registered for level 1
[    3.273478] raid6: sse2x1   gen() 12338 MB/s
[    3.383290] raid6: sse2x1   xor()  7874 MB/s
[    3.451440] raid6: sse2x2   gen() 14329 MB/s
[    3.521147] raid6: sse2x2   xor()  9894 MB/s
[    3.602727] raid6: sse2x4   gen() 16754 MB/s
[    3.670888] raid6: sse2x4   xor() 11212 MB/s
[    3.739218] raid6: avx2x1   gen() 21101 MB/s
[    3.807400] raid6: avx2x2   gen() 27554 MB/s
[    3.874969] raid6: avx2x4   gen() 29186 MB/s
[    3.876296] raid6: using algorithm avx2x4 gen() 29186 MB/s
[    3.877626] raid6: using avx2x2 recovery algorithm
[    3.880446] xor: automatically using best checksumming function:
[    3.918873]    avx       : 28568.000 MB/sec
[    3.921413] async_tx: api initialized (async)
[    3.931559] md: raid6 personality registered for level 6
[    3.932987] md: raid5 personality registered for level 5
[    3.934709] md: raid4 personality registered for level 4
[    3.942036] md: raid10 personality registered for level 10
done.
Begin: Running /scripts/init-premount ... done.
Begin: Mounting root file system ... Begin: Running /scripts/local-top ... done.
Begin: Running /scripts/local-premount ... [    3.969658] Btrfs loaded
Scanning for Btrfs filesystems
done.
Warning: fsck not present, so skipping root file system
[    4.007726] EXT4-fs (sda1): mounted filesystem with ordered data mode. Opts: (null)
done.
Begin: Running /scripts/local-bottom ... done.
Begin: Running /scripts/init-bottom ... done.
[    4.105222] systemd[1]: systemd 229 running in system mode. (+PAM +AUDIT +SELINUX +IMA +APPARMOR +SMACK +SYSVINIT +UTMP +LIBCRYPTSETUP +GCRYPT +GNUTLS +ACL +XZ -LZ4 +SECCOMP +BLKID +ELFUTILS +KMOD -IDN)
[    4.109598] systemd[1]: Detected virtualization oracle.
[    4.110670] systemd[1]: Detected architecture x86-64.

Welcome to [1mUbuntu 16.04.6 LTS[0m!

[    4.114772] systemd[1]: Set hostname to <ubuntu>.
[    4.117504] systemd[1]: Initializing machine ID from random generator.
[    4.118789] systemd[1]: Installed transient /etc/machine-id file.
[    4.240902] systemd[1]: Started Trigger resolvconf update for networkd DNS.
[[0;32m  OK  [0m] Started Trigger resolvconf update for networkd DNS.
[    4.243525] systemd[1]: Listening on udev Control Socket.
[[0;32m  OK  [0m] Listening on udev Control Socket.
[    4.245492] systemd[1]: Reached target Encrypted Volumes.
[[0;32m  OK  [0m] Reached target Encrypted Volumes.
[    4.255530] systemd[1]: Listening on Syslog Socket.
[[0;32m  OK  [0m] Listening on Syslog Socket.
[    4.258669] systemd[1]: Listening on Journal Audit Socket.
[[0;32m  OK  [0m] Listening on Journal Audit Socket.
[    4.261817] systemd[1]: Created slice System Slice.
[[0;32m  OK  [0m] Created slice System Slice.
[    4.264198] systemd[1]: Created slice User and Session Slice.
[[0;32m  OK  [0m] Created slice User and Session Slice.
[    4.266424] systemd[1]: Reached target Slices.
[[0;32m  OK  [0m] Reached target Slices.
[    4.268265] systemd[1]: Listening on Journal Socket.
[[0;32m  OK  [0m] Listening on Journal Socket.
[    4.287257] systemd[1]: Starting Uncomplicated firewall...
         Starting Uncomplicated firewall...
[    4.291110] systemd[1]: Mounting POSIX Message Queue File System...
         Mounting POSIX Message Queue File System...
[    4.295168] systemd[1]: Mounting Huge Pages File System...
         Mounting Huge Pages File System...
[    4.299280] systemd[1]: Starting Load Kernel Modules...
         Starting Load Kernel Modules...
[    4.302359] systemd[1]: Starting Create list of required static device nodes for the current kernel...
         Starting Create list of required st... nodes for the current kernel...
[    4.305786] systemd[1]: Listening on LVM2 poll daemon socket.
[[0;32m  OK  [0m] Listening on LVM2 poll daemon socket.
[    4.308516] systemd[1]: Started Forward Password Requests to Wall Directory Watch.
[[0;32m  OK  [0m] Started Forward Password Requests to Wall Directory Watch.
[    4.311623] systemd[1]: Created slice system-serial\x2dgetty.slice.
[[0;32m  OK  [0m] Created slice system-serial\x2dgetty.slice.
[    4.314330] systemd[1]: Listening on LVM2 metadata daemon socket.
[[0;32m  OK  [0m] Listening on LVM2 metadata daemon socket.
[    4.317988] systemd[1]: Starting Set console keymap...
[    4.319257] Loading iSCSI transport class v2.0-870.
         Starting Set console keymap...
[    4.322272] systemd[1]: Mounting Debug File System...
         Mounting Debug File System...
[    4.328469] iscsi: registered transport (tcp)
[    4.330747] systemd[1]: Reached target System Time Synchronized.
[[0;32m  OK  [0m] Reached target System Time Synchronized.
[    4.339358] systemd[1]: Set up automount Arbitrary Executable File Formats File System Automount Point.
[[0;32m  OK  [0m] Set up automount Arbitrary Executab...ats File System Automount Point.
[    4.343471] systemd[1]: Listening on Device-mapper event daemon FIFOs.
[[0;32m  OK  [0m] Listening on Device-mapper event daemon FIFOs.
[    4.356961] iscsi: registered transport (iser)
[    4.358825] systemd[1]: Starting Remount Root and Kernel File Systems...
         Starting Remount Root and Kernel File Systems...
[    4.361183] systemd[1]: Reached target Swap.
[[0;32m  OK  [0m[    4.362513] EXT4-fs (sda1): re-mounted. Opts: (null)
] Reached target Swap.
[    4.364218] systemd[1]: Starting Monitoring of LVM2 mirrors, snapshots etc. using dmeventd or progress polling...
         Starting Monitoring of LVM2 mirrors... dmeventd or progress polling...
[    4.374839] systemd[1]: Listening on Journal Socket (/dev/log).
[[0;32m  OK  [0m] Listening on Journal Socket (/dev/log).
[    4.377947] systemd[1]: Starting Journal Service...
         Starting Journal Service...
[    4.379986] systemd[1]: Listening on udev Kernel Socket.
[[0;32m  OK  [0m] Listening on udev Kernel Socket.
[    4.382904] systemd[1]: Starting Nameserver information manager...
         Starting Nameserver information manager...
[    4.385628] systemd[1]: Reached target User and Group Name Lookups.
[[0;32m  OK  [0m] Reached target User and Group Name Lookups.
[    4.388206] systemd[1]: Listening on /dev/initctl Compatibility Named Pipe.
[[0;32m  OK  [0m] Listening on /dev/initctl Compatibility Named Pipe.
[    4.396086] systemd[1]: Mounted POSIX Message Queue File System.
[[0;32m  OK  [0m] Mounted POSIX Message Queue File System.
[    4.398426] systemd[1]: Mounted Huge Pages File System.
[[0;32m  OK  [0m] Mounted Huge Pages File System.
[    4.400498] systemd[1]: Mounted Debug File System.
[[0;32m  OK  [0m] Mounted Debug File System.
[    4.402714] systemd[1]: Started Journal Service.
[[0;32m  OK  [0m] Started Journal Service.
[[0;32m  OK  [0m] Started Uncomplicated firewall.
[[0;32m  OK  [0m] Started Load Kernel Modules.
[[0;32m  OK  [0m] Started Create list of required sta...ce nodes for the current kernel.
[[0;32m  OK  [0m] Started Set console keymap.
[[0;32m  OK  [0m] Started Remount Root and Kernel File Systems.
[[0;32m  OK  [0m] Started LVM2 metadata daemon.
         Starting Load/Save Random Seed...
         Starting udev Coldplug all Devices...
         Starting Create Static Device Nodes in /dev...
         Starting Apply Kernel Variables...
         Mounting FUSE Control File System...
         Starting Flush Journal to Persistent Storage...
[[0;32m  OK  [0m] Started Nameserver information manager.
[[0;32m  OK  [0m] Started Load/Save Random Seed.
[[0;32m  OK  [0m] Mounted FUSE Control File System.
[[0;32m  OK  [0m] Started Apply Kernel Variables.
[[0;32m  OK  [0m] Started Create Static Device Nodes in /dev.
[[0;32m  OK  [0m] Started Flush Journal to Persistent Storage.
         Starting udev Kernel Device Manager...
[[0;32m  OK  [0m] Started udev Coldplug all Devices.
[[0;32m  OK  [0m] Started udev Kernel Device Manager.
[[0;32m  OK  [0m] Started Dispatch Password Requests to Console Directory Watch.
[[0;32m  OK  [0m] Started Monitoring of LVM2 mirrors,...ng dmeventd or progress polling.
[[0;32m  OK  [0m] Reached target Local File Systems (Pre).
[[0;32m  OK  [0m] Reached target Local File Systems.
         Starting LSB: AppArmor initialization...
         Starting Create Volatile Files and Directories...
         Starting Set console font and keymap...
         Starting Commit a transient machine-id on disk...
         Starting Tell Plymouth To Write Out Runtime Data...
         Starting Initial cloud-init job (pre-networking)...
[[0;32m  OK  [0m] Started Create Volatile Files and Directories.
[[0;32m  OK  [0m] Started Commit a transient machine-id on disk.
[[0;32m  OK  [0m] Started Tell Plymouth To Write Out Runtime Data.
[[0;32m  OK  [0m] Found device /dev/ttyS0.
[[0;32m  OK  [0m] Listening on Load/Save RF Kill Switch Status /dev/rfkill Watch.
         Starting Update UTMP about System Boot/Shutdown...
[[0;32m  OK  [0m] Started Update UTMP about System Boot/Shutdown.
[    5.431833] cloud-init[541]: Cloud-init v. 19.4-33-gbb4131a2-0ubuntu1~16.04.1 running 'init-local' at Fri, 20 Mar 2020 22:53:57 +0000. Up 5.05 seconds.
[[0;32m  OK  [0m] Started Set console font and keymap.
[[0;32m  OK  [0m] Created slice system-getty.slice.
[[0;32m  OK  [0m] Started Initial cloud-init job (pre-networking).
[[0;32m  OK  [0m] Reached target Network (Pre).
[[0;32m  OK  [0m] Started LSB: AppArmor initialization.
         Starting Raise network interfaces...
[[0;32m  OK  [0m] Started Raise network interfaces.
[[0;32m  OK  [0m] Reached target Network.
         Starting Initial cloud-init job (metadata service crawler)...
[    6.401858] cloud-init[941]: Cloud-init v. 19.4-33-gbb4131a2-0ubuntu1~16.04.1 running 'init' at Fri, 20 Mar 2020 22:53:58 +0000. Up 5.97 seconds.
[    6.403424] cloud-init[941]: ci-info: ++++++++++++++++++++++++++++++++++++++Net device info++++++++++++++++++++++++++++++++++++++
[    6.404721] cloud-init[941]: ci-info: +--------+------+----------------------------+---------------+--------+-------------------+
[    6.406423] cloud-init[941]: ci-info: | Device |  Up  |          Address           |      Mask     | Scope  |     Hw-Address    |
[    6.408423] cloud-init[941]: ci-info: +--------+------+----------------------------+---------------+--------+-------------------+
[    6.410369] cloud-init[941]: ci-info: | enp0s3 | True |         10.0.2.15          | 255.255.255.0 | global | 02:90:e9:96:cf:60 |
[    6.412139] cloud-init[941]: ci-info: | enp0s3 | True | fe80::90:e9ff:fe96:cf60/64 |       .       |  link  | 02:90:e9:96:cf:60 |
[    6.414145] cloud-init[941]: ci-info: |   lo   | True |         127.0.0.1          |   255.0.0.0   |  host  |         .         |
[    6.415780] cloud-init[941]: ci-info: |   lo   | True |          ::1/128           |       .       |  host  |         .         |
[    6.417421] cloud-init[941]: ci-info: +--------+------+----------------------------+---------------+--------+-------------------+
[    6.419419] cloud-init[941]: ci-info: +++++++++++++++++++++++++++Route IPv4 info++++++++++++++++++++++++++++
[    6.428519] cloud-init[941]: ci-info: +-------+-------------+----------+---------------+-----------+-------+
[    6.436432] cloud-init[941]: ci-info: | Route | Destination | Gateway  |    Genmask    | Interface | Flags |
[    6.438150] cloud-init[941]: ci-info: +-------+-------------+----------+---------------+-----------+-------+
[    6.440041] cloud-init[941]: ci-info: |   0   |   0.0.0.0   | 10.0.2.2 |    0.0.0.0    |   enp0s3  |   UG  |
[    6.441766] cloud-init[941]: ci-info: |   1   |   10.0.2.0  | 0.0.0.0  | 255.255.255.0 |   enp0s3  |   U   |
[    6.448752] cloud-init[941]: ci-info: +-------+-------------+----------+---------------+-----------+-------+
[    6.449896] cloud-init[941]: ci-info: +++++++++++++++++++Route IPv6 info+++++++++++++++++++
[    6.451461] cloud-init[941]: ci-info: +-------+-------------+---------+-----------+-------+
[    6.452860] cloud-init[941]: ci-info: | Route | Destination | Gateway | Interface | Flags |
[    6.453934] cloud-init[941]: ci-info: +-------+-------------+---------+-----------+-------+
[    6.455720] cloud-init[941]: ci-info: |   0   |  fe80::/64  |    ::   |   enp0s3  |   U   |
[    6.457272] cloud-init[941]: ci-info: |   3   |   ff00::/8  |    ::   |   enp0s3  |   U   |
[    6.458631] cloud-init[941]: ci-info: +-------+-------------+---------+-----------+-------+
[[0;32m  OK  [0m] Started Initial cloud-init job (metadata service crawler).
[[0;32m  OK  [0m] Reached target System Initialization.
[[0;32m  OK  [0m] Listening on D-Bus System Message Bus Socket.
[[0;32m  OK  [0m] Listening on ACPID Listen Socket.
[    6.469851] cloud-init[941]: Generating public/private rsa key pair.
[    6.479335] cloud-init[941]: Your identification has been saved in /etc/ssh/ssh_host_rsa_key.
[[0;32m  OK  [0m] Started Daily apt download activities.
[[0;32m  OK  [0m] Listening on UUID daemon activation socket.
[[0;32m  OK  [0m] Started Daily Cleanup of Temporary Directories.
         Starting Socket activation for snappy daemon.
[    6.484027] cloud-init[941]: Your public key has been saved in /etc/ssh/ssh_host_rsa_key.pub.
[    6.500547] cloud-init[941]: The key fingerprint is:
[    6.501806] cloud-init[941]: SHA256:IYVQBj67MXcqY2ljMPhza+wFwWayfl6UNl5TTHgd7Ak root@ubuntu-xenial
[[0;32m  OK  [0m] Started Message of the Day.
[    6.506921] cloud-init[941]: The key's randomart image is:
[    6.508185] cloud-init[941]: +---[RSA 2048]----+
[    6.509058] cloud-init[941]: |    o+o....o..   |
[    6.509862] cloud-init[941]: |   o ....oE o    |
[    6.510313] cloud-init[941]: |  . B . ..oo .   |
[    6.510955] cloud-init[941]: | . = + o o  o    |
[    6.511708] [[0;32m  OK  [0m] Started Daily apt upgrade and clean activities.
cloud-init[941]: |. + = * S        |
[    6.514493] cloud-init[941]: | o o @ = .       |
         Starting LXD - unix socket.
[[0;32m  OK  [0m] Reached target Timers.
[    6.525542] cloud-init[941]: |  +.% =          |
[    6.533300] cloud-init[941]: |   OoB           |
[    6.540789] cloud-init[941]: |   o+            |
[    6.541882] cloud-init[941]: +----[SHA256]-----+
[[0;32m  OK  [0m] Started ACPI Events Check.
[[0;32m  OK  [0m] Reached target Paths.
[[0;32m  OK  [0m] Reached target Network is Online.
[    6.551591] cloud-init[941]: Generating public/private dsa key pair.
[    6.562978] cloud-init[941]: Your identification has been saved in /etc/ssh/ssh_host_dsa_key.
[    6.564209] cloud-init[941]: Your public key has been saved in /etc/ssh/ssh_host_dsa_key.pub.
[    6.565398] cloud-init[941]: The key fingerprint is:
[    6.566196] cloud-init[941]: SHA256:HdEfodCp6xFobq6FQkoCLJB0Z72v1xxIXDd0x4e7rF8 root@ubuntu-xenial
[    6.572612] cloud-init[941]: The key's randomart image is:
[    6.580552] cloud-init[941]: +---[DSA 1024]----+
         Starting iSCSI initiator daemon (iscsid)...
[[0;32m  OK  [0m] Reached target Cloud-config availability.
[[0;32m  OK  [0m] Listening on Socket activation for snappy daemon.
[[0;32m  OK  [0m] Listening on LXD - unix socket.
[    6.593908] cloud-init[941]: |oo . o.   oo.o.=.|
[    6.614627] cloud-init[941]: |+ . o  .   ++++ +|
[    6.621059] cloud-init[941]: |o.      o.o.o..o.|
[    6.628814] cloud-init[941]: |o      .o+o.  o  |
[    6.629116] cloud-init[941]: |. . .  oS oo . . |
[    6.629332] cloud-init[941]: | o o   .ooo.  o  |
[    6.629395] cloud-init[941]: |  . . .oo.o...  E|
[[0;32m  OK  [0m] [    6.629431] Reached target Sockets.cloud-init
[941]: |     . o...o.  . |
[[    6.629569] [0;32m  OK  [0mcloud-init] [941]: Reached target Basic System.|      ...    ..  |

[    6.637614] cloud-init[941]: +----[SHA256]-----+
[    6.644246] cloud-init[941]: Generating public/private ecdsa key pair.
[    6.644451] cloud-init[941]: Your identification has been saved in /etc/ssh/ssh_host_ecdsa_key.
[    6.645018] cloud-init[941]: Your public key has been saved in /etc/ssh/ssh_host_ecdsa_key.pub.
[    6.645565] cloud-init[941]: The key fingerprint is:
[    6.646114] cloud-init[941]: SHA256:bWYtKCPoCIv3k7zlJSMf4eSdkdwq7fRALk2329Fno/M root@ubuntu-xenial
[    6.646696] cloud-init[941]: The key's randomart image is:
[    6.647232] cloud-init[941]: +---[ECDSA 256]---+
[[0;32m  OK  [0m] Started FUSE filesystem for LXC.
[    6.647516] cloud-init[941]: |                 |
[    6.652253] cloud-init[941]: |                 |
[    6.652848] cloud-init[941]: |                 |
[    6.660903] cloud-init[941]: |   .   . = .     |
[    6.661606] cloud-init[941]: |. . . = S O .    |
[    6.669089] cloud-init[941]: |o+   = @ O o .   |
[[0;32m  OK  [0m] Started D-Bus System Message Bus.
[    6.669568] cloud-init[941]: |+ o...X @ . . ..o|
[    6.671502] cloud-init[941]: | . .+= X o o o.o.|
[    6.672441] cloud-init[941]: |    ooo . o ..oE |
[    6.673391] cloud-init[941]: +----[SHA256]-----+
[    6.674161] cloud-init[941]: Generating public/private ed25519 key pair.
[    6.675318] cloud-init[941]: Your identification has been saved in /etc/ssh/ssh_host_ed25519_key.
[    6.676681] cloud-init[941]: Your public key has been saved in /etc/ssh/ssh_host_ed25519_key.pub.
[    6.678629] cloud-init[941]: The key fingerprint is:
[    6.679586] cloud-init[941]: SHA256:aPXfptGOSuXf+5qj1nczFkJwE4Jk+XeCJlR4AEjM6xc root@ubuntu-xenial
[    6.681220] cloud-init[941]: The key's randomart image is:
[    6.682519] cloud-init[941]: +--[ED25519 256]--+
[    6.683650] cloud-init[941]: |    +...o+*o ..  |
[    6.684678] cloud-init[941]: |     +  .= o.o   |
[    6.685669] cloud-init[941]: |      . o o + .  |
[    6.686400] cloud-init[941]: |     . E o + + . |
[    6.687535] cloud-init[941]: |    . o S + + o  |
[    6.688517] cloud-init[941]: |     o .   + + . |
[    6.696249] cloud-init[941]: |      .   . +.= .|
[    6.696467] cloud-init[941]: |         .  .Bo*o|
[    6.697179] cloud-init[941]: |          .o+.*=O|
[    6.697674] cloud-init[941]: +----[SHA256]-----+
         Starting Login Service...
[[0;32m  OK  [0m] Started Deferred execution scheduler.
         Starting Pollinate to seed the pseudo random number generator...
         Starting System Logging Service...
[[0;32m  OK  [0m] Started Regular background program processing daemon.
         Starting Virtualbox guest utils...
         Starting Accounts Service...
         Starting LSB: MD monitoring daemon...
         Starting LXD - container startup/shutdown...
[[0;32m  OK  [0m] Started ACPI event daemon.
         Starting LSB: Record successful boot for GRUB...
         Starting /etc/rc.local Compatibility...
         Starting Snappy daemon...
[[0;32m  OK  [0m] Started System Logging Service.
[[0;32m  OK  [0m] Started iSCSI initiator daemon (iscsid).
[[0;32m  OK  [0m] Started /etc/rc.local Compatibility.
[[0;32m  OK  [0m] Started Login Service.
[[0;32m  OK  [0m] Started Unattended Upgrades Shutdown.
         Starting Login to default iSCSI targets...
[[0;32m  OK  [0m] Started Login to default iSCSI targets.
[[0;32m  OK  [0m] Reached target Remote File Systems (Pre).
[[0;32m  OK  [0m] Reached target Remote File Systems.
         Starting LSB: daemon to balance interrupts for SMP systems...
         Starting LSB: Set the CPU Frequency Scaling governor to "ondemand"...
         Starting LSB: automatic crash report generation...
         Starting Permit User Sessions...
[[0;32m  OK  [0m] Started LSB: MD monitoring daemon.
[[0;32m  OK  [0m] Started LSB: Record successful boot for GRUB.
[[0;32m  OK  [0m] Started Permit User Sessions.
         Starting Terminate Plymouth Boot Screen...
         Starting Hold until boot process finishes up...
[[0;32m  OK  [0m] Started Terminate Plymouth Boot Screen.
[[0;32m  OK  [0m] Started Hold until boot process finishes up.
         Starting Authenticate and Authorize Users to Run Privileged Tasks...
         Starting Set console scheme...
[[0;32m  OK  [0m] Started Serial Getty on ttyS0.
[[0;32m  OK  [0m] Started Getty on tty1.
[[0;32m  OK  [0m] Reached target Login Prompts.
[[0;32m  OK  [0m] Started LSB: daemon to balance interrupts for SMP systems.
[[0;32m  OK  [0m] Started LSB: Set the CPU Frequency Scaling governor to "ondemand".
[[0;32m  OK  [0m] Started LSB: automatic crash report generation.
[[0;32m  OK  [0m] Started Set console scheme.
[[0;32m  OK  [0m] Started Authenticate and Authorize Users to Run Privileged Tasks.
[[0;32m  OK  [0m] Started Virtualbox guest utils.
[[0;32m  OK  [0m] Started LXD - container startup/shutdown.
[[0;32m  OK  [0m] Started Accounts Service.
[[0;32m  OK  [0m] Started Snappy daemon.
         Starting Wait until snapd is fully seeded...
[[0;32m  OK  [0m] Started Pollinate to seed the pseudo random number generator.
         Starting OpenBSD Secure Shell server...
[[0;32m  OK  [0m] Started OpenBSD Secure Shell server.
[[0;32m  OK  [0m] Started Wait until snapd is fully seeded.
         Starting Apply the settings specified in cloud-config...
[[0;32m  OK  [0m] Reached target Multi-User System.
[[0;32m  OK  [0m] Reached target Graphical Interface.
         Starting Update UTMP about System Runlevel Changes...
[[0;32m  OK  [0m] Started Update UTMP about System Runlevel Changes.
[    7.862560] cloud-init[1293]: Generating locales (this might take a while)...
[    8.527220] cloud-init[1293]:   en_US.UTF-8... done
[    8.532413] cloud-init[1293]: Generation complete.
[    8.790104] cloud-init[1293]: Cloud-init v. 19.4-33-gbb4131a2-0ubuntu1~16.04.1 running 'modules:config' at Fri, 20 Mar 2020 22:54:00 +0000. Up 7.77 seconds.
[[0;32m  OK  [0m] Started Apply the settings specified in cloud-config.
         Starting Execute cloud user/final scripts...
ci-info: no authorized SSH keys fingerprints found for user ubuntu.
<14>Mar 20 22:54:01 ec2: 
<14>Mar 20 22:54:01 ec2: #############################################################
<14>Mar 20 22:54:01 ec2: -----BEGIN SSH HOST KEY FINGERPRINTS-----
<14>Mar 20 22:54:01 ec2: 1024 SHA256:HdEfodCp6xFobq6FQkoCLJB0Z72v1xxIXDd0x4e7rF8 root@ubuntu-xenial (DSA)
<14>Mar 20 22:54:01 ec2: 256 SHA256:bWYtKCPoCIv3k7zlJSMf4eSdkdwq7fRALk2329Fno/M root@ubuntu-xenial (ECDSA)
<14>Mar 20 22:54:01 ec2: 256 SHA256:aPXfptGOSuXf+5qj1nczFkJwE4Jk+XeCJlR4AEjM6xc root@ubuntu-xenial (ED25519)
<14>Mar 20 22:54:01 ec2: 2048 SHA256:IYVQBj67MXcqY2ljMPhza+wFwWayfl6UNl5TTHgd7Ak root@ubuntu-xenial (RSA)
<14>Mar 20 22:54:01 ec2: -----END SSH HOST KEY FINGERPRINTS-----
<14>Mar 20 22:54:01 ec2: #############################################################
-----BEGIN SSH HOST KEY KEYS-----
ecdsa-sha2-nistp256 AAAAE2VjZHNhLXNoYTItbmlzdHAyNTYAAAAIbmlzdHAyNTYAAABBBDijxlcuRUlfWLSfndz+QdG6+apz6sLl4uqOfCeKDb+l/7UnndKuasTBUj05pVQLUuy0/EHBFoGPvXxdqW1edUo= root@ubuntu-xenial
ssh-ed25519 AAAAC3NzaC1lZDI1NTE5AAAAIMgLnQYxj4DR2/VH91ddYKdYgXjU7za7FPBXyu2wfcvL root@ubuntu-xenial
ssh-rsa AAAAB3NzaC1yc2EAAAADAQABAAABAQDtMDMwcmREGxLvUx+9HvdzdCSINT67H10YWxfOGU0iYSK9ded5dO2EPVDv7KqlORw1HjSiNxnEEHhN85NhfENcIL2O7mKSTOnoDuyG560gyVLgmiZ//UB4Jt8Mwlmka9PZco3whF+cKGZou5Qoj+V8imvxeLjcRMSOOD9Azv4W9f/Lhfu5NbLL8q+qtnoFYJa0tC3VVpmtnqrdMPVsz8HlztgiJZkVqG4OsbywYEzsFMMFwT9cX1DEWLI63TgcddaWn0vD+JDEzVjZ99thPbAMxFcvzp3nlFUe9lNUQg85bBq4twYuME1Ci9wXkpabKywfNhQ84CidYbKabYiL7HxX root@ubuntu-xenial
-----END SSH HOST KEY KEYS-----
[    9.166354] cloud-init[1335]: Cloud-init v. 19.4-33-gbb4131a2-0ubuntu1~16.04.1 running 'modules:final' at Fri, 20 Mar 2020 22:54:01 +0000. Up 9.04 seconds.
[    9.167900] cloud-init[1335]: ci-info: no authorized SSH keys fingerprints found for user ubuntu.
[    9.176822] cloud-init[1335]: Cloud-init v. 19.4-33-gbb4131a2-0ubuntu1~16.04.1 finished at Fri, 20 Mar 2020 22:54:01 +0000. Datasource DataSourceNoCloud [seed=/dev/sdb][dsmode=net].  Up 9.16 seconds
[[0;32m  OK  [0m] Started Execute cloud user/final scripts.
[[0;32m  OK  [0m] Reached target Cloud-init target.

Ubuntu 16.04.6 LTS ubuntu-xenial ttyS0

ubuntu-xenial login: 